[000] Conv_0 type: Conv W inputs: ['input', '685', '686'] outputs: ['684']
 - [0] from This is the input of the net
 - [1] from weight of shape torch.Size([48, 4, 1, 1]) [name: 685]
 - [2] from weight of shape torch.Size([48]) [name: 686]
[001] Relu_1 type: Relu  inputs: ['684'] outputs: ['447']
 - [0] from output of Conv_0 [name: 684]
[002] Transpose_2 type: Transpose  inputs: ['447'] outputs: ['448']
 - [0] from output of Relu_1 [name: 447]

-------------------------------------------
Stage 1
-------------------------------------------

[003] Conv_3 type: Conv W inputs: ['448', '688', '689'] outputs: ['687']
 - [0] from output of Transpose_2 [name: 448]
 - [1] from weight of shape torch.Size([48, 48, 3, 3]) [name: 688]
 - [2] from weight of shape torch.Size([48]) [name: 689]
[004] Relu_4 type: Relu  inputs: ['687'] outputs: ['451']
 - [0] from output of Conv_3 [name: 687]
[005] Conv_5 type: Conv W inputs: ['451', '691', '692'] outputs: ['690']
 - [0] from output of Relu_4 [name: 451]
 - [1] from weight of shape torch.Size([48, 48, 3, 3]) [name: 691]
 - [2] from weight of shape torch.Size([48]) [name: 692]
[006] Relu_6 type: Relu  inputs: ['690'] outputs: ['454']
 - [0] from output of Conv_5 [name: 690]
[007] Conv_7 type: Conv W inputs: ['454', '694', '695'] outputs: ['693']
 - [0] from output of Relu_6 [name: 454]
 - [1] from weight of shape torch.Size([48, 48, 3, 3]) [name: 694]
 - [2] from weight of shape torch.Size([48]) [name: 695]
[008] Relu_8 type: Relu  inputs: ['693'] outputs: ['457']
 - [0] from output of Conv_7 [name: 693]

[009] MatMul_9 type: MatMul W inputs: ['457', '801'] outputs: ['459']
 - [0] from output of Relu_8 [name: 457]
 - [1] from weight of shape torch.Size([3072, 384]) [name: 801]
[010] BatchNormalization_10 type: BatchNormalization W inputs: ['459', 'encoding_blocks.0.tdf.1.weight', 'encoding_blocks.0.tdf.1.bias', 'encoding_blocks.0.tdf.1.running_mean', 'encoding_blocks.0.tdf.1.running_var'] outputs: ['460']
 - [0] from output of MatMul_9 [name: 459]
 - [1] from weight of shape torch.Size([48]) [name: encoding_blocks.0.tdf.1.weight]
 - [2] from weight of shape torch.Size([48]) [name: encoding_blocks.0.tdf.1.bias]
 - [3] from weight of shape torch.Size([48]) [name: encoding_blocks.0.tdf.1.running_mean]
 - [4] from weight of shape torch.Size([48]) [name: encoding_blocks.0.tdf.1.running_var]
[011] Relu_11 type: Relu  inputs: ['460'] outputs: ['461']
 - [0] from output of BatchNormalization_10 [name: 460]
[012] MatMul_12 type: MatMul W inputs: ['461', '802'] outputs: ['463']
 - [0] from output of Relu_11 [name: 461]
 - [1] from weight of shape torch.Size([384, 3072]) [name: 802]
[013] BatchNormalization_13 type: BatchNormalization W inputs: ['463', 'encoding_blocks.0.tdf.4.weight', 'encoding_blocks.0.tdf.4.bias', 'encoding_blocks.0.tdf.4.running_mean', 'encoding_blocks.0.tdf.4.running_var'] outputs: ['464']
 - [0] from output of MatMul_12 [name: 463]
 - [1] from weight of shape torch.Size([48]) [name: encoding_blocks.0.tdf.4.weight]
 - [2] from weight of shape torch.Size([48]) [name: encoding_blocks.0.tdf.4.bias]
 - [3] from weight of shape torch.Size([48]) [name: encoding_blocks.0.tdf.4.running_mean]
 - [4] from weight of shape torch.Size([48]) [name: encoding_blocks.0.tdf.4.running_var]
[014] Relu_14 type: Relu  inputs: ['464'] outputs: ['465']
 - [0] from output of BatchNormalization_13 [name: 464]

[015] Add_15 type: Add  inputs: ['457', '465'] outputs: ['466']
 - [0] from output of Relu_8 [name: 457]
 - [1] from output of Relu_14 [name: 465]

DOWN 1

[016] Conv_16 type: Conv W inputs: ['466', '697', '698'] outputs: ['696']
 - [0] from output of Add_15 [name: 466]
 - [1] from weight of shape torch.Size([96, 48, 2, 2]) [name: 697]
 - [2] from weight of shape torch.Size([96]) [name: 698]
[017] Relu_17 type: Relu  inputs: ['696'] outputs: ['469']
 - [0] from output of Conv_16 [name: 696]

-------------------------------------------
Stage 2
-------------------------------------------

[018] Conv_18 type: Conv W inputs: ['469', '700', '701'] outputs: ['699']
 - [0] from output of Relu_17 [name: 469]
 - [1] from weight of shape torch.Size([96, 96, 3, 3]) [name: 700]
 - [2] from weight of shape torch.Size([96]) [name: 701]
[019] Relu_19 type: Relu  inputs: ['699'] outputs: ['472']
 - [0] from output of Conv_18 [name: 699]
[020] Conv_20 type: Conv W inputs: ['472', '703', '704'] outputs: ['702']
 - [0] from output of Relu_19 [name: 472]
 - [1] from weight of shape torch.Size([96, 96, 3, 3]) [name: 703]
 - [2] from weight of shape torch.Size([96]) [name: 704]
[021] Relu_21 type: Relu  inputs: ['702'] outputs: ['475']
 - [0] from output of Conv_20 [name: 702]
[022] Conv_22 type: Conv W inputs: ['475', '706', '707'] outputs: ['705']
 - [0] from output of Relu_21 [name: 475]
 - [1] from weight of shape torch.Size([96, 96, 3, 3]) [name: 706]
 - [2] from weight of shape torch.Size([96]) [name: 707]
[023] Relu_23 type: Relu  inputs: ['705'] outputs: ['478']
 - [0] from output of Conv_22 [name: 705]

[024] MatMul_24 type: MatMul W inputs: ['478', '803'] outputs: ['480']
 - [0] from output of Relu_23 [name: 478]
 - [1] from weight of shape torch.Size([1536, 192]) [name: 803]
[025] BatchNormalization_25 type: BatchNormalization W inputs: ['480', 'encoding_blocks.1.tdf.1.weight', 'encoding_blocks.1.tdf.1.bias', 'encoding_blocks.1.tdf.1.running_mean', 'encoding_blocks.1.tdf.1.running_var'] outputs: ['481']
 - [0] from output of MatMul_24 [name: 480]
 - [1] from weight of shape torch.Size([96]) [name: encoding_blocks.1.tdf.1.weight]
 - [2] from weight of shape torch.Size([96]) [name: encoding_blocks.1.tdf.1.bias]
 - [3] from weight of shape torch.Size([96]) [name: encoding_blocks.1.tdf.1.running_mean]
 - [4] from weight of shape torch.Size([96]) [name: encoding_blocks.1.tdf.1.running_var]
[026] Relu_26 type: Relu  inputs: ['481'] outputs: ['482']
 - [0] from output of BatchNormalization_25 [name: 481]
[027] MatMul_27 type: MatMul W inputs: ['482', '804'] outputs: ['484']
 - [0] from output of Relu_26 [name: 482]
 - [1] from weight of shape torch.Size([192, 1536]) [name: 804]
[028] BatchNormalization_28 type: BatchNormalization W inputs: ['484', 'encoding_blocks.1.tdf.4.weight', 'encoding_blocks.1.tdf.4.bias', 'encoding_blocks.1.tdf.4.running_mean', 'encoding_blocks.1.tdf.4.running_var'] outputs: ['485']
 - [0] from output of MatMul_27 [name: 484]
 - [1] from weight of shape torch.Size([96]) [name: encoding_blocks.1.tdf.4.weight]
 - [2] from weight of shape torch.Size([96]) [name: encoding_blocks.1.tdf.4.bias]
 - [3] from weight of shape torch.Size([96]) [name: encoding_blocks.1.tdf.4.running_mean]
 - [4] from weight of shape torch.Size([96]) [name: encoding_blocks.1.tdf.4.running_var]
[029] Relu_29 type: Relu  inputs: ['485'] outputs: ['486']
 - [0] from output of BatchNormalization_28 [name: 485]

[030] Add_30 type: Add  inputs: ['478', '486'] outputs: ['487']
 - [0] from output of Relu_23 [name: 478]
 - [1] from output of Relu_29 [name: 486]

DOWN 2

[031] Conv_31 type: Conv W inputs: ['487', '709', '710'] outputs: ['708']
 - [0] from output of Add_30 [name: 487]
 - [1] from weight of shape torch.Size([144, 96, 2, 2]) [name: 709]
 - [2] from weight of shape torch.Size([144]) [name: 710]
[032] Relu_32 type: Relu  inputs: ['708'] outputs: ['490']
 - [0] from output of Conv_31 [name: 708]

-------------------------------------------
Stage 3
-------------------------------------------

[033] Conv_33 type: Conv W inputs: ['490', '712', '713'] outputs: ['711']
 - [0] from output of Relu_32 [name: 490]
 - [1] from weight of shape torch.Size([144, 144, 3, 3]) [name: 712]
 - [2] from weight of shape torch.Size([144]) [name: 713]
[034] Relu_34 type: Relu  inputs: ['711'] outputs: ['493']
 - [0] from output of Conv_33 [name: 711]
[035] Conv_35 type: Conv W inputs: ['493', '715', '716'] outputs: ['714']
 - [0] from output of Relu_34 [name: 493]
 - [1] from weight of shape torch.Size([144, 144, 3, 3]) [name: 715]
 - [2] from weight of shape torch.Size([144]) [name: 716]
[036] Relu_36 type: Relu  inputs: ['714'] outputs: ['496']
 - [0] from output of Conv_35 [name: 714]
[037] Conv_37 type: Conv W inputs: ['496', '718', '719'] outputs: ['717']
 - [0] from output of Relu_36 [name: 496]
 - [1] from weight of shape torch.Size([144, 144, 3, 3]) [name: 718]
 - [2] from weight of shape torch.Size([144]) [name: 719]
[038] Relu_38 type: Relu  inputs: ['717'] outputs: ['499']
 - [0] from output of Conv_37 [name: 717]
[039] MatMul_39 type: MatMul W inputs: ['499', '805'] outputs: ['501']
 - [0] from output of Relu_38 [name: 499]
 - [1] from weight of shape torch.Size([768, 96]) [name: 805]
[040] BatchNormalization_40 type: BatchNormalization W inputs: ['501', 'encoding_blocks.2.tdf.1.weight', 'encoding_blocks.2.tdf.1.bias', 'encoding_blocks.2.tdf.1.running_mean', 'encoding_blocks.2.tdf.1.running_var'] outputs: ['502']
 - [0] from output of MatMul_39 [name: 501]
 - [1] from weight of shape torch.Size([144]) [name: encoding_blocks.2.tdf.1.weight]
 - [2] from weight of shape torch.Size([144]) [name: encoding_blocks.2.tdf.1.bias]
 - [3] from weight of shape torch.Size([144]) [name: encoding_blocks.2.tdf.1.running_mean]
 - [4] from weight of shape torch.Size([144]) [name: encoding_blocks.2.tdf.1.running_var]
[041] Relu_41 type: Relu  inputs: ['502'] outputs: ['503']
 - [0] from output of BatchNormalization_40 [name: 502]
[042] MatMul_42 type: MatMul W inputs: ['503', '806'] outputs: ['505']
 - [0] from output of Relu_41 [name: 503]
 - [1] from weight of shape torch.Size([96, 768]) [name: 806]
[043] BatchNormalization_43 type: BatchNormalization W inputs: ['505', 'encoding_blocks.2.tdf.4.weight', 'encoding_blocks.2.tdf.4.bias', 'encoding_blocks.2.tdf.4.running_mean', 'encoding_blocks.2.tdf.4.running_var'] outputs: ['506']
 - [0] from output of MatMul_42 [name: 505]
 - [1] from weight of shape torch.Size([144]) [name: encoding_blocks.2.tdf.4.weight]
 - [2] from weight of shape torch.Size([144]) [name: encoding_blocks.2.tdf.4.bias]
 - [3] from weight of shape torch.Size([144]) [name: encoding_blocks.2.tdf.4.running_mean]
 - [4] from weight of shape torch.Size([144]) [name: encoding_blocks.2.tdf.4.running_var]
[044] Relu_44 type: Relu  inputs: ['506'] outputs: ['507']
 - [0] from output of BatchNormalization_43 [name: 506]
[045] Add_45 type: Add  inputs: ['499', '507'] outputs: ['508']
 - [0] from output of Relu_38 [name: 499]
 - [1] from output of Relu_44 [name: 507]

DOWN 3

[046] Conv_46 type: Conv W inputs: ['508', '721', '722'] outputs: ['720']
 - [0] from output of Add_45 [name: 508]
 - [1] from weight of shape torch.Size([192, 144, 2, 2]) [name: 721]
 - [2] from weight of shape torch.Size([192]) [name: 722]
[047] Relu_47 type: Relu  inputs: ['720'] outputs: ['511']
 - [0] from output of Conv_46 [name: 720]

-------------------------------------------
Stage 4
-------------------------------------------

[048] Conv_48 type: Conv W inputs: ['511', '724', '725'] outputs: ['723']
 - [0] from output of Relu_47 [name: 511]
 - [1] from weight of shape torch.Size([192, 192, 3, 3]) [name: 724]
 - [2] from weight of shape torch.Size([192]) [name: 725]
[049] Relu_49 type: Relu  inputs: ['723'] outputs: ['514']
 - [0] from output of Conv_48 [name: 723]
[050] Conv_50 type: Conv W inputs: ['514', '727', '728'] outputs: ['726']
 - [0] from output of Relu_49 [name: 514]
 - [1] from weight of shape torch.Size([192, 192, 3, 3]) [name: 727]
 - [2] from weight of shape torch.Size([192]) [name: 728]
[051] Relu_51 type: Relu  inputs: ['726'] outputs: ['517']
 - [0] from output of Conv_50 [name: 726]
[052] Conv_52 type: Conv W inputs: ['517', '730', '731'] outputs: ['729']
 - [0] from output of Relu_51 [name: 517]
 - [1] from weight of shape torch.Size([192, 192, 3, 3]) [name: 730]
 - [2] from weight of shape torch.Size([192]) [name: 731]
[053] Relu_53 type: Relu  inputs: ['729'] outputs: ['520']
 - [0] from output of Conv_52 [name: 729]
[054] MatMul_54 type: MatMul W inputs: ['520', '807'] outputs: ['522']
 - [0] from output of Relu_53 [name: 520]
 - [1] from weight of shape torch.Size([384, 48]) [name: 807]
[055] BatchNormalization_55 type: BatchNormalization W inputs: ['522', 'encoding_blocks.3.tdf.1.weight', 'encoding_blocks.3.tdf.1.bias', 'encoding_blocks.3.tdf.1.running_mean', 'encoding_blocks.3.tdf.1.running_var'] outputs: ['523']
 - [0] from output of MatMul_54 [name: 522]
 - [1] from weight of shape torch.Size([192]) [name: encoding_blocks.3.tdf.1.weight]
 - [2] from weight of shape torch.Size([192]) [name: encoding_blocks.3.tdf.1.bias]
 - [3] from weight of shape torch.Size([192]) [name: encoding_blocks.3.tdf.1.running_mean]
 - [4] from weight of shape torch.Size([192]) [name: encoding_blocks.3.tdf.1.running_var]
[056] Relu_56 type: Relu  inputs: ['523'] outputs: ['524']
 - [0] from output of BatchNormalization_55 [name: 523]
[057] MatMul_57 type: MatMul W inputs: ['524', '808'] outputs: ['526']
 - [0] from output of Relu_56 [name: 524]
 - [1] from weight of shape torch.Size([48, 384]) [name: 808]
[058] BatchNormalization_58 type: BatchNormalization W inputs: ['526', 'encoding_blocks.3.tdf.4.weight', 'encoding_blocks.3.tdf.4.bias', 'encoding_blocks.3.tdf.4.running_mean', 'encoding_blocks.3.tdf.4.running_var'] outputs: ['527']
 - [0] from output of MatMul_57 [name: 526]
 - [1] from weight of shape torch.Size([192]) [name: encoding_blocks.3.tdf.4.weight]
 - [2] from weight of shape torch.Size([192]) [name: encoding_blocks.3.tdf.4.bias]
 - [3] from weight of shape torch.Size([192]) [name: encoding_blocks.3.tdf.4.running_mean]
 - [4] from weight of shape torch.Size([192]) [name: encoding_blocks.3.tdf.4.running_var]
[059] Relu_59 type: Relu  inputs: ['527'] outputs: ['528']
 - [0] from output of BatchNormalization_58 [name: 527]
[060] Add_60 type: Add  inputs: ['520', '528'] outputs: ['529']
 - [0] from output of Relu_53 [name: 520]
 - [1] from output of Relu_59 [name: 528]

DOWN 4

[061] Conv_61 type: Conv W inputs: ['529', '733', '734'] outputs: ['732']
 - [0] from output of Add_60 [name: 529]
 - [1] from weight of shape torch.Size([240, 192, 2, 2]) [name: 733]
 - [2] from weight of shape torch.Size([240]) [name: 734]
[062] Relu_62 type: Relu  inputs: ['732'] outputs: ['532']
 - [0] from output of Conv_61 [name: 732]

-------------------------------------------
Stage 5
-------------------------------------------

[063] Conv_63 type: Conv W inputs: ['532', '736', '737'] outputs: ['735']
 - [0] from output of Relu_62 [name: 532]
 - [1] from weight of shape torch.Size([240, 240, 3, 3]) [name: 736]
 - [2] from weight of shape torch.Size([240]) [name: 737]
[064] Relu_64 type: Relu  inputs: ['735'] outputs: ['535']
 - [0] from output of Conv_63 [name: 735]
[065] Conv_65 type: Conv W inputs: ['535', '739', '740'] outputs: ['738']
 - [0] from output of Relu_64 [name: 535]
 - [1] from weight of shape torch.Size([240, 240, 3, 3]) [name: 739]
 - [2] from weight of shape torch.Size([240]) [name: 740]
[066] Relu_66 type: Relu  inputs: ['738'] outputs: ['538']
 - [0] from output of Conv_65 [name: 738]
[067] Conv_67 type: Conv W inputs: ['538', '742', '743'] outputs: ['741']
 - [0] from output of Relu_66 [name: 538]
 - [1] from weight of shape torch.Size([240, 240, 3, 3]) [name: 742]
 - [2] from weight of shape torch.Size([240]) [name: 743]
[068] Relu_68 type: Relu  inputs: ['741'] outputs: ['541']
 - [0] from output of Conv_67 [name: 741]
[069] MatMul_69 type: MatMul W inputs: ['541', '809'] outputs: ['543']
 - [0] from output of Relu_68 [name: 541]
 - [1] from weight of shape torch.Size([192, 24]) [name: 809]
[070] BatchNormalization_70 type: BatchNormalization W inputs: ['543', 'encoding_blocks.4.tdf.1.weight', 'encoding_blocks.4.tdf.1.bias', 'encoding_blocks.4.tdf.1.running_mean', 'encoding_blocks.4.tdf.1.running_var'] outputs: ['544']
 - [0] from output of MatMul_69 [name: 543]
 - [1] from weight of shape torch.Size([240]) [name: encoding_blocks.4.tdf.1.weight]
 - [2] from weight of shape torch.Size([240]) [name: encoding_blocks.4.tdf.1.bias]
 - [3] from weight of shape torch.Size([240]) [name: encoding_blocks.4.tdf.1.running_mean]
 - [4] from weight of shape torch.Size([240]) [name: encoding_blocks.4.tdf.1.running_var]
[071] Relu_71 type: Relu  inputs: ['544'] outputs: ['545']
 - [0] from output of BatchNormalization_70 [name: 544]
[072] MatMul_72 type: MatMul W inputs: ['545', '810'] outputs: ['547']
 - [0] from output of Relu_71 [name: 545]
 - [1] from weight of shape torch.Size([24, 192]) [name: 810]
[073] BatchNormalization_73 type: BatchNormalization W inputs: ['547', 'encoding_blocks.4.tdf.4.weight', 'encoding_blocks.4.tdf.4.bias', 'encoding_blocks.4.tdf.4.running_mean', 'encoding_blocks.4.tdf.4.running_var'] outputs: ['548']
 - [0] from output of MatMul_72 [name: 547]
 - [1] from weight of shape torch.Size([240]) [name: encoding_blocks.4.tdf.4.weight]
 - [2] from weight of shape torch.Size([240]) [name: encoding_blocks.4.tdf.4.bias]
 - [3] from weight of shape torch.Size([240]) [name: encoding_blocks.4.tdf.4.running_mean]
 - [4] from weight of shape torch.Size([240]) [name: encoding_blocks.4.tdf.4.running_var]
[074] Relu_74 type: Relu  inputs: ['548'] outputs: ['549']
 - [0] from output of BatchNormalization_73 [name: 548]
[075] Add_75 type: Add  inputs: ['541', '549'] outputs: ['550']
 - [0] from output of Relu_68 [name: 541]
 - [1] from output of Relu_74 [name: 549]

DOWN 5

[076] Conv_76 type: Conv W inputs: ['550', '745', '746'] outputs: ['744']
 - [0] from output of Add_75 [name: 550]
 - [1] from weight of shape torch.Size([288, 240, 2, 2]) [name: 745]
 - [2] from weight of shape torch.Size([288]) [name: 746]
 [077] Relu_77 type: Relu  inputs: ['744'] outputs: ['553']
 - [0] from output of Conv_76 [name: 744]

-------------------------------------------
Bottleneck
-------------------------------------------

[078] Conv_78 type: Conv W inputs: ['553', '748', '749'] outputs: ['747']
 - [0] from output of Relu_77 [name: 553]
 - [1] from weight of shape torch.Size([288, 288, 3, 3]) [name: 748]
 - [2] from weight of shape torch.Size([288]) [name: 749]
[079] Relu_79 type: Relu  inputs: ['747'] outputs: ['556']
 - [0] from output of Conv_78 [name: 747]
[080] Conv_80 type: Conv W inputs: ['556', '751', '752'] outputs: ['750']
 - [0] from output of Relu_79 [name: 556]
 - [1] from weight of shape torch.Size([288, 288, 3, 3]) [name: 751]
 - [2] from weight of shape torch.Size([288]) [name: 752]
[081] Relu_81 type: Relu  inputs: ['750'] outputs: ['559']
 - [0] from output of Conv_80 [name: 750]
[082] Conv_82 type: Conv W inputs: ['559', '754', '755'] outputs: ['753']
 - [0] from output of Relu_81 [name: 559]
 - [1] from weight of shape torch.Size([288, 288, 3, 3]) [name: 754]
 - [2] from weight of shape torch.Size([288]) [name: 755]
[083] Relu_83 type: Relu  inputs: ['753'] outputs: ['562']
 - [0] from output of Conv_82 [name: 753]
[084] MatMul_84 type: MatMul W inputs: ['562', '811'] outputs: ['564']
 - [0] from output of Relu_83 [name: 562]
 - [1] from weight of shape torch.Size([96, 12]) [name: 811]
[085] BatchNormalization_85 type: BatchNormalization W inputs: ['564', 'bottleneck_block.tdf.1.weight', 'bottleneck_block.tdf.1.bias', 'bottleneck_block.tdf.1.running_mean', 'bottleneck_block.tdf.1.running_var'] outputs: ['565']
 - [0] from output of MatMul_84 [name: 564]
 - [1] from weight of shape torch.Size([288]) [name: bottleneck_block.tdf.1.weight]
 - [2] from weight of shape torch.Size([288]) [name: bottleneck_block.tdf.1.bias]
 - [3] from weight of shape torch.Size([288]) [name: bottleneck_block.tdf.1.running_mean]
 - [4] from weight of shape torch.Size([288]) [name: bottleneck_block.tdf.1.running_var]
[086] Relu_86 type: Relu  inputs: ['565'] outputs: ['566']
 - [0] from output of BatchNormalization_85 [name: 565]
[087] MatMul_87 type: MatMul W inputs: ['566', '812'] outputs: ['568']
 - [0] from output of Relu_86 [name: 566]
 - [1] from weight of shape torch.Size([12, 96]) [name: 812]
[088] BatchNormalization_88 type: BatchNormalization W inputs: ['568', 'bottleneck_block.tdf.4.weight', 'bottleneck_block.tdf.4.bias', 'bottleneck_block.tdf.4.running_mean', 'bottleneck_block.tdf.4.running_var'] outputs: ['569']
 - [0] from output of MatMul_87 [name: 568]
 - [1] from weight of shape torch.Size([288]) [name: bottleneck_block.tdf.4.weight]
 - [2] from weight of shape torch.Size([288]) [name: bottleneck_block.tdf.4.bias]
 - [3] from weight of shape torch.Size([288]) [name: bottleneck_block.tdf.4.running_mean]
 - [4] from weight of shape torch.Size([288]) [name: bottleneck_block.tdf.4.running_var]
[089] Relu_89 type: Relu  inputs: ['569'] outputs: ['570']
 - [0] from output of BatchNormalization_88 [name: 569]
[090] Add_90 type: Add  inputs: ['562', '570'] outputs: ['571']
 - [0] from output of Relu_83 [name: 562]
 - [1] from output of Relu_89 [name: 570]
[091] ConvTranspose_91 type: ConvTranspose W inputs: ['571', 'us.0.0.weight', 'us.0.0.bias'] outputs: ['572']
 - [0] from output of Add_90 [name: 571]
 - [1] from weight of shape torch.Size([288, 240, 2, 2]) [name: us.0.0.weight]
 - [2] from weight of shape torch.Size([240]) [name: us.0.0.bias]
[092] BatchNormalization_92 type: BatchNormalization W inputs: ['572', 'us.0.1.weight', 'us.0.1.bias', 'us.0.1.running_mean', 'us.0.1.running_var'] outputs: ['573']
 - [0] from output of ConvTranspose_91 [name: 572]
 - [1] from weight of shape torch.Size([240]) [name: us.0.1.weight]
 - [2] from weight of shape torch.Size([240]) [name: us.0.1.bias]
 - [3] from weight of shape torch.Size([240]) [name: us.0.1.running_mean]
 - [4] from weight of shape torch.Size([240]) [name: us.0.1.running_var]
[093] Relu_93 type: Relu  inputs: ['573'] outputs: ['574']
 - [0] from output of BatchNormalization_92 [name: 573]
[094] Mul_94 type: Mul  inputs: ['574', '550'] outputs: ['575']
 - [0] from output of Relu_93 [name: 574]
 - [1] from output of Add_75 [name: 550]
[095] Conv_95 type: Conv W inputs: ['575', '757', '758'] outputs: ['756']
 - [0] from output of Mul_94 [name: 575]
 - [1] from weight of shape torch.Size([240, 240, 3, 3]) [name: 757]
 - [2] from weight of shape torch.Size([240]) [name: 758]
[096] Relu_96 type: Relu  inputs: ['756'] outputs: ['578']
 - [0] from output of Conv_95 [name: 756]
[097] Conv_97 type: Conv W inputs: ['578', '760', '761'] outputs: ['759']
 - [0] from output of Relu_96 [name: 578]
 - [1] from weight of shape torch.Size([240, 240, 3, 3]) [name: 760]
 - [2] from weight of shape torch.Size([240]) [name: 761]
[098] Relu_98 type: Relu  inputs: ['759'] outputs: ['581']
 - [0] from output of Conv_97 [name: 759]
[099] Conv_99 type: Conv W inputs: ['581', '763', '764'] outputs: ['762']
 - [0] from output of Relu_98 [name: 581]
 - [1] from weight of shape torch.Size([240, 240, 3, 3]) [name: 763]
 - [2] from weight of shape torch.Size([240]) [name: 764]
[100] Relu_100 type: Relu  inputs: ['762'] outputs: ['584']
 - [0] from output of Conv_99 [name: 762]
[101] MatMul_101 type: MatMul W inputs: ['584', '813'] outputs: ['586']
 - [0] from output of Relu_100 [name: 584]
 - [1] from weight of shape torch.Size([192, 24]) [name: 813]
[102] BatchNormalization_102 type: BatchNormalization W inputs: ['586', 'decoding_blocks.0.tdf.1.weight', 'decoding_blocks.0.tdf.1.bias', 'decoding_blocks.0.tdf.1.running_mean', 'decoding_blocks.0.tdf.1.running_var'] outputs: ['587']
 - [0] from output of MatMul_101 [name: 586]
 - [1] from weight of shape torch.Size([240]) [name: decoding_blocks.0.tdf.1.weight]
 - [2] from weight of shape torch.Size([240]) [name: decoding_blocks.0.tdf.1.bias]
 - [3] from weight of shape torch.Size([240]) [name: decoding_blocks.0.tdf.1.running_mean]
 - [4] from weight of shape torch.Size([240]) [name: decoding_blocks.0.tdf.1.running_var]
[103] Relu_103 type: Relu  inputs: ['587'] outputs: ['588']
 - [0] from output of BatchNormalization_102 [name: 587]
[104] MatMul_104 type: MatMul W inputs: ['588', '814'] outputs: ['590']
 - [0] from output of Relu_103 [name: 588]
 - [1] from weight of shape torch.Size([24, 192]) [name: 814]
[105] BatchNormalization_105 type: BatchNormalization W inputs: ['590', 'decoding_blocks.0.tdf.4.weight', 'decoding_blocks.0.tdf.4.bias', 'decoding_blocks.0.tdf.4.running_mean', 'decoding_blocks.0.tdf.4.running_var'] outputs: ['591']
 - [0] from output of MatMul_104 [name: 590]
 - [1] from weight of shape torch.Size([240]) [name: decoding_blocks.0.tdf.4.weight]
 - [2] from weight of shape torch.Size([240]) [name: decoding_blocks.0.tdf.4.bias]
 - [3] from weight of shape torch.Size([240]) [name: decoding_blocks.0.tdf.4.running_mean]
 - [4] from weight of shape torch.Size([240]) [name: decoding_blocks.0.tdf.4.running_var]
[106] Relu_106 type: Relu  inputs: ['591'] outputs: ['592']
 - [0] from output of BatchNormalization_105 [name: 591]
[107] Add_107 type: Add  inputs: ['584', '592'] outputs: ['593']
 - [0] from output of Relu_100 [name: 584]
 - [1] from output of Relu_106 [name: 592]
[108] ConvTranspose_108 type: ConvTranspose W inputs: ['593', 'us.1.0.weight', 'us.1.0.bias'] outputs: ['594']
 - [0] from output of Add_107 [name: 593]
 - [1] from weight of shape torch.Size([240, 192, 2, 2]) [name: us.1.0.weight]
 - [2] from weight of shape torch.Size([192]) [name: us.1.0.bias]
[109] BatchNormalization_109 type: BatchNormalization W inputs: ['594', 'us.1.1.weight', 'us.1.1.bias', 'us.1.1.running_mean', 'us.1.1.running_var'] outputs: ['595']
 - [0] from output of ConvTranspose_108 [name: 594]
 - [1] from weight of shape torch.Size([192]) [name: us.1.1.weight]
 - [2] from weight of shape torch.Size([192]) [name: us.1.1.bias]
 - [3] from weight of shape torch.Size([192]) [name: us.1.1.running_mean]
 - [4] from weight of shape torch.Size([192]) [name: us.1.1.running_var]
[110] Relu_110 type: Relu  inputs: ['595'] outputs: ['596']
 - [0] from output of BatchNormalization_109 [name: 595]
[111] Mul_111 type: Mul  inputs: ['596', '529'] outputs: ['597']
 - [0] from output of Relu_110 [name: 596]
 - [1] from output of Add_60 [name: 529]
[112] Conv_112 type: Conv W inputs: ['597', '766', '767'] outputs: ['765']
 - [0] from output of Mul_111 [name: 597]
 - [1] from weight of shape torch.Size([192, 192, 3, 3]) [name: 766]
 - [2] from weight of shape torch.Size([192]) [name: 767]
[113] Relu_113 type: Relu  inputs: ['765'] outputs: ['600']
 - [0] from output of Conv_112 [name: 765]
[114] Conv_114 type: Conv W inputs: ['600', '769', '770'] outputs: ['768']
 - [0] from output of Relu_113 [name: 600]
 - [1] from weight of shape torch.Size([192, 192, 3, 3]) [name: 769]
 - [2] from weight of shape torch.Size([192]) [name: 770]
[115] Relu_115 type: Relu  inputs: ['768'] outputs: ['603']
 - [0] from output of Conv_114 [name: 768]
[116] Conv_116 type: Conv W inputs: ['603', '772', '773'] outputs: ['771']
 - [0] from output of Relu_115 [name: 603]
 - [1] from weight of shape torch.Size([192, 192, 3, 3]) [name: 772]
 - [2] from weight of shape torch.Size([192]) [name: 773]
[117] Relu_117 type: Relu  inputs: ['771'] outputs: ['606']
 - [0] from output of Conv_116 [name: 771]
[118] MatMul_118 type: MatMul W inputs: ['606', '815'] outputs: ['608']
 - [0] from output of Relu_117 [name: 606]
 - [1] from weight of shape torch.Size([384, 48]) [name: 815]
[119] BatchNormalization_119 type: BatchNormalization W inputs: ['608', 'decoding_blocks.1.tdf.1.weight', 'decoding_blocks.1.tdf.1.bias', 'decoding_blocks.1.tdf.1.running_mean', 'decoding_blocks.1.tdf.1.running_var'] outputs: ['609']
 - [0] from output of MatMul_118 [name: 608]
 - [1] from weight of shape torch.Size([192]) [name: decoding_blocks.1.tdf.1.weight]
 - [2] from weight of shape torch.Size([192]) [name: decoding_blocks.1.tdf.1.bias]
 - [3] from weight of shape torch.Size([192]) [name: decoding_blocks.1.tdf.1.running_mean]
 - [4] from weight of shape torch.Size([192]) [name: decoding_blocks.1.tdf.1.running_var]
[120] Relu_120 type: Relu  inputs: ['609'] outputs: ['610']
 - [0] from output of BatchNormalization_119 [name: 609]
[121] MatMul_121 type: MatMul W inputs: ['610', '816'] outputs: ['612']
 - [0] from output of Relu_120 [name: 610]
 - [1] from weight of shape torch.Size([48, 384]) [name: 816]
[122] BatchNormalization_122 type: BatchNormalization W inputs: ['612', 'decoding_blocks.1.tdf.4.weight', 'decoding_blocks.1.tdf.4.bias', 'decoding_blocks.1.tdf.4.running_mean', 'decoding_blocks.1.tdf.4.running_var'] outputs: ['613']
 - [0] from output of MatMul_121 [name: 612]
 - [1] from weight of shape torch.Size([192]) [name: decoding_blocks.1.tdf.4.weight]
 - [2] from weight of shape torch.Size([192]) [name: decoding_blocks.1.tdf.4.bias]
 - [3] from weight of shape torch.Size([192]) [name: decoding_blocks.1.tdf.4.running_mean]
 - [4] from weight of shape torch.Size([192]) [name: decoding_blocks.1.tdf.4.running_var]
[123] Relu_123 type: Relu  inputs: ['613'] outputs: ['614']
 - [0] from output of BatchNormalization_122 [name: 613]
[124] Add_124 type: Add  inputs: ['606', '614'] outputs: ['615']
 - [0] from output of Relu_117 [name: 606]
 - [1] from output of Relu_123 [name: 614]
[125] ConvTranspose_125 type: ConvTranspose W inputs: ['615', 'us.2.0.weight', 'us.2.0.bias'] outputs: ['616']
 - [0] from output of Add_124 [name: 615]
 - [1] from weight of shape torch.Size([192, 144, 2, 2]) [name: us.2.0.weight]
 - [2] from weight of shape torch.Size([144]) [name: us.2.0.bias]
[126] BatchNormalization_126 type: BatchNormalization W inputs: ['616', 'us.2.1.weight', 'us.2.1.bias', 'us.2.1.running_mean', 'us.2.1.running_var'] outputs: ['617']
 - [0] from output of ConvTranspose_125 [name: 616]
 - [1] from weight of shape torch.Size([144]) [name: us.2.1.weight]
 - [2] from weight of shape torch.Size([144]) [name: us.2.1.bias]
 - [3] from weight of shape torch.Size([144]) [name: us.2.1.running_mean]
 - [4] from weight of shape torch.Size([144]) [name: us.2.1.running_var]
[127] Relu_127 type: Relu  inputs: ['617'] outputs: ['618']
 - [0] from output of BatchNormalization_126 [name: 617]
[128] Mul_128 type: Mul  inputs: ['618', '508'] outputs: ['619']
 - [0] from output of Relu_127 [name: 618]
 - [1] from output of Add_45 [name: 508]
[129] Conv_129 type: Conv W inputs: ['619', '775', '776'] outputs: ['774']
 - [0] from output of Mul_128 [name: 619]
 - [1] from weight of shape torch.Size([144, 144, 3, 3]) [name: 775]
 - [2] from weight of shape torch.Size([144]) [name: 776]
[130] Relu_130 type: Relu  inputs: ['774'] outputs: ['622']
 - [0] from output of Conv_129 [name: 774]
[131] Conv_131 type: Conv W inputs: ['622', '778', '779'] outputs: ['777']
 - [0] from output of Relu_130 [name: 622]
 - [1] from weight of shape torch.Size([144, 144, 3, 3]) [name: 778]
 - [2] from weight of shape torch.Size([144]) [name: 779]
[132] Relu_132 type: Relu  inputs: ['777'] outputs: ['625']
 - [0] from output of Conv_131 [name: 777]
[133] Conv_133 type: Conv W inputs: ['625', '781', '782'] outputs: ['780']
 - [0] from output of Relu_132 [name: 625]
 - [1] from weight of shape torch.Size([144, 144, 3, 3]) [name: 781]
 - [2] from weight of shape torch.Size([144]) [name: 782]
[134] Relu_134 type: Relu  inputs: ['780'] outputs: ['628']
 - [0] from output of Conv_133 [name: 780]
[135] MatMul_135 type: MatMul W inputs: ['628', '817'] outputs: ['630']
 - [0] from output of Relu_134 [name: 628]
 - [1] from weight of shape torch.Size([768, 96]) [name: 817]
[136] BatchNormalization_136 type: BatchNormalization W inputs: ['630', 'decoding_blocks.2.tdf.1.weight', 'decoding_blocks.2.tdf.1.bias', 'decoding_blocks.2.tdf.1.running_mean', 'decoding_blocks.2.tdf.1.running_var'] outputs: ['631']
 - [0] from output of MatMul_135 [name: 630]
 - [1] from weight of shape torch.Size([144]) [name: decoding_blocks.2.tdf.1.weight]
 - [2] from weight of shape torch.Size([144]) [name: decoding_blocks.2.tdf.1.bias]
 - [3] from weight of shape torch.Size([144]) [name: decoding_blocks.2.tdf.1.running_mean]
 - [4] from weight of shape torch.Size([144]) [name: decoding_blocks.2.tdf.1.running_var]
[137] Relu_137 type: Relu  inputs: ['631'] outputs: ['632']
 - [0] from output of BatchNormalization_136 [name: 631]
[138] MatMul_138 type: MatMul W inputs: ['632', '818'] outputs: ['634']
 - [0] from output of Relu_137 [name: 632]
 - [1] from weight of shape torch.Size([96, 768]) [name: 818]
[139] BatchNormalization_139 type: BatchNormalization W inputs: ['634', 'decoding_blocks.2.tdf.4.weight', 'decoding_blocks.2.tdf.4.bias', 'decoding_blocks.2.tdf.4.running_mean', 'decoding_blocks.2.tdf.4.running_var'] outputs: ['635']
 - [0] from output of MatMul_138 [name: 634]
 - [1] from weight of shape torch.Size([144]) [name: decoding_blocks.2.tdf.4.weight]
 - [2] from weight of shape torch.Size([144]) [name: decoding_blocks.2.tdf.4.bias]
 - [3] from weight of shape torch.Size([144]) [name: decoding_blocks.2.tdf.4.running_mean]
 - [4] from weight of shape torch.Size([144]) [name: decoding_blocks.2.tdf.4.running_var]
[140] Relu_140 type: Relu  inputs: ['635'] outputs: ['636']
 - [0] from output of BatchNormalization_139 [name: 635]
[141] Add_141 type: Add  inputs: ['628', '636'] outputs: ['637']
 - [0] from output of Relu_134 [name: 628]
 - [1] from output of Relu_140 [name: 636]
[142] ConvTranspose_142 type: ConvTranspose W inputs: ['637', 'us.3.0.weight', 'us.3.0.bias'] outputs: ['638']
 - [0] from output of Add_141 [name: 637]
 - [1] from weight of shape torch.Size([144, 96, 2, 2]) [name: us.3.0.weight]
 - [2] from weight of shape torch.Size([96]) [name: us.3.0.bias]
[143] BatchNormalization_143 type: BatchNormalization W inputs: ['638', 'us.3.1.weight', 'us.3.1.bias', 'us.3.1.running_mean', 'us.3.1.running_var'] outputs: ['639']
 - [0] from output of ConvTranspose_142 [name: 638]
 - [1] from weight of shape torch.Size([96]) [name: us.3.1.weight]
 - [2] from weight of shape torch.Size([96]) [name: us.3.1.bias]
 - [3] from weight of shape torch.Size([96]) [name: us.3.1.running_mean]
 - [4] from weight of shape torch.Size([96]) [name: us.3.1.running_var]
[144] Relu_144 type: Relu  inputs: ['639'] outputs: ['640']
 - [0] from output of BatchNormalization_143 [name: 639]
[145] Mul_145 type: Mul  inputs: ['640', '487'] outputs: ['641']
 - [0] from output of Relu_144 [name: 640]
 - [1] from output of Add_30 [name: 487]
[146] Conv_146 type: Conv W inputs: ['641', '784', '785'] outputs: ['783']
 - [0] from output of Mul_145 [name: 641]
 - [1] from weight of shape torch.Size([96, 96, 3, 3]) [name: 784]
 - [2] from weight of shape torch.Size([96]) [name: 785]
[147] Relu_147 type: Relu  inputs: ['783'] outputs: ['644']
 - [0] from output of Conv_146 [name: 783]
[148] Conv_148 type: Conv W inputs: ['644', '787', '788'] outputs: ['786']
 - [0] from output of Relu_147 [name: 644]
 - [1] from weight of shape torch.Size([96, 96, 3, 3]) [name: 787]
 - [2] from weight of shape torch.Size([96]) [name: 788]
[149] Relu_149 type: Relu  inputs: ['786'] outputs: ['647']
 - [0] from output of Conv_148 [name: 786]
[150] Conv_150 type: Conv W inputs: ['647', '790', '791'] outputs: ['789']
 - [0] from output of Relu_149 [name: 647]
 - [1] from weight of shape torch.Size([96, 96, 3, 3]) [name: 790]
 - [2] from weight of shape torch.Size([96]) [name: 791]
[151] Relu_151 type: Relu  inputs: ['789'] outputs: ['650']
 - [0] from output of Conv_150 [name: 789]
[152] MatMul_152 type: MatMul W inputs: ['650', '819'] outputs: ['652']
 - [0] from output of Relu_151 [name: 650]
 - [1] from weight of shape torch.Size([1536, 192]) [name: 819]
[153] BatchNormalization_153 type: BatchNormalization W inputs: ['652', 'decoding_blocks.3.tdf.1.weight', 'decoding_blocks.3.tdf.1.bias', 'decoding_blocks.3.tdf.1.running_mean', 'decoding_blocks.3.tdf.1.running_var'] outputs: ['653']
 - [0] from output of MatMul_152 [name: 652]
 - [1] from weight of shape torch.Size([96]) [name: decoding_blocks.3.tdf.1.weight]
 - [2] from weight of shape torch.Size([96]) [name: decoding_blocks.3.tdf.1.bias]
 - [3] from weight of shape torch.Size([96]) [name: decoding_blocks.3.tdf.1.running_mean]
 - [4] from weight of shape torch.Size([96]) [name: decoding_blocks.3.tdf.1.running_var]
[154] Relu_154 type: Relu  inputs: ['653'] outputs: ['654']
 - [0] from output of BatchNormalization_153 [name: 653]
[155] MatMul_155 type: MatMul W inputs: ['654', '820'] outputs: ['656']
 - [0] from output of Relu_154 [name: 654]
 - [1] from weight of shape torch.Size([192, 1536]) [name: 820]
[156] BatchNormalization_156 type: BatchNormalization W inputs: ['656', 'decoding_blocks.3.tdf.4.weight', 'decoding_blocks.3.tdf.4.bias', 'decoding_blocks.3.tdf.4.running_mean', 'decoding_blocks.3.tdf.4.running_var'] outputs: ['657']
 - [0] from output of MatMul_155 [name: 656]
 - [1] from weight of shape torch.Size([96]) [name: decoding_blocks.3.tdf.4.weight]
 - [2] from weight of shape torch.Size([96]) [name: decoding_blocks.3.tdf.4.bias]
 - [3] from weight of shape torch.Size([96]) [name: decoding_blocks.3.tdf.4.running_mean]
 - [4] from weight of shape torch.Size([96]) [name: decoding_blocks.3.tdf.4.running_var]
[157] Relu_157 type: Relu  inputs: ['657'] outputs: ['658']
 - [0] from output of BatchNormalization_156 [name: 657]
[158] Add_158 type: Add  inputs: ['650', '658'] outputs: ['659']
 - [0] from output of Relu_151 [name: 650]
 - [1] from output of Relu_157 [name: 658]
[159] ConvTranspose_159 type: ConvTranspose W inputs: ['659', 'us.4.0.weight', 'us.4.0.bias'] outputs: ['660']
 - [0] from output of Add_158 [name: 659]
 - [1] from weight of shape torch.Size([96, 48, 2, 2]) [name: us.4.0.weight]
 - [2] from weight of shape torch.Size([48]) [name: us.4.0.bias]
[160] BatchNormalization_160 type: BatchNormalization W inputs: ['660', 'us.4.1.weight', 'us.4.1.bias', 'us.4.1.running_mean', 'us.4.1.running_var'] outputs: ['661']
 - [0] from output of ConvTranspose_159 [name: 660]
 - [1] from weight of shape torch.Size([48]) [name: us.4.1.weight]
 - [2] from weight of shape torch.Size([48]) [name: us.4.1.bias]
 - [3] from weight of shape torch.Size([48]) [name: us.4.1.running_mean]
 - [4] from weight of shape torch.Size([48]) [name: us.4.1.running_var]
[161] Relu_161 type: Relu  inputs: ['661'] outputs: ['662']
 - [0] from output of BatchNormalization_160 [name: 661]
[162] Mul_162 type: Mul  inputs: ['662', '466'] outputs: ['663']
 - [0] from output of Relu_161 [name: 662]
 - [1] from output of Add_15 [name: 466]
[163] Conv_163 type: Conv W inputs: ['663', '793', '794'] outputs: ['792']
 - [0] from output of Mul_162 [name: 663]
 - [1] from weight of shape torch.Size([48, 48, 3, 3]) [name: 793]
 - [2] from weight of shape torch.Size([48]) [name: 794]
[164] Relu_164 type: Relu  inputs: ['792'] outputs: ['666']
 - [0] from output of Conv_163 [name: 792]
[165] Conv_165 type: Conv W inputs: ['666', '796', '797'] outputs: ['795']
 - [0] from output of Relu_164 [name: 666]
 - [1] from weight of shape torch.Size([48, 48, 3, 3]) [name: 796]
 - [2] from weight of shape torch.Size([48]) [name: 797]
[166] Relu_166 type: Relu  inputs: ['795'] outputs: ['669']
 - [0] from output of Conv_165 [name: 795]
[167] Conv_167 type: Conv W inputs: ['669', '799', '800'] outputs: ['798']
 - [0] from output of Relu_166 [name: 669]
 - [1] from weight of shape torch.Size([48, 48, 3, 3]) [name: 799]
 - [2] from weight of shape torch.Size([48]) [name: 800]
[168] Relu_168 type: Relu  inputs: ['798'] outputs: ['672']
 - [0] from output of Conv_167 [name: 798]
[169] MatMul_169 type: MatMul W inputs: ['672', '821'] outputs: ['674']
 - [0] from output of Relu_168 [name: 672]
 - [1] from weight of shape torch.Size([3072, 384]) [name: 821]
[170] BatchNormalization_170 type: BatchNormalization W inputs: ['674', 'decoding_blocks.4.tdf.1.weight', 'decoding_blocks.4.tdf.1.bias', 'decoding_blocks.4.tdf.1.running_mean', 'decoding_blocks.4.tdf.1.running_var'] outputs: ['675']
 - [0] from output of MatMul_169 [name: 674]
 - [1] from weight of shape torch.Size([48]) [name: decoding_blocks.4.tdf.1.weight]
 - [2] from weight of shape torch.Size([48]) [name: decoding_blocks.4.tdf.1.bias]
 - [3] from weight of shape torch.Size([48]) [name: decoding_blocks.4.tdf.1.running_mean]
 - [4] from weight of shape torch.Size([48]) [name: decoding_blocks.4.tdf.1.running_var]
[171] Relu_171 type: Relu  inputs: ['675'] outputs: ['676']
 - [0] from output of BatchNormalization_170 [name: 675]
[172] MatMul_172 type: MatMul W inputs: ['676', '822'] outputs: ['678']
 - [0] from output of Relu_171 [name: 676]
 - [1] from weight of shape torch.Size([384, 3072]) [name: 822]
[173] BatchNormalization_173 type: BatchNormalization W inputs: ['678', 'decoding_blocks.4.tdf.4.weight', 'decoding_blocks.4.tdf.4.bias', 'decoding_blocks.4.tdf.4.running_mean', 'decoding_blocks.4.tdf.4.running_var'] outputs: ['679']
 - [0] from output of MatMul_172 [name: 678]
 - [1] from weight of shape torch.Size([48]) [name: decoding_blocks.4.tdf.4.weight]
 - [2] from weight of shape torch.Size([48]) [name: decoding_blocks.4.tdf.4.bias]
 - [3] from weight of shape torch.Size([48]) [name: decoding_blocks.4.tdf.4.running_mean]
 - [4] from weight of shape torch.Size([48]) [name: decoding_blocks.4.tdf.4.running_var]
[174] Relu_174 type: Relu  inputs: ['679'] outputs: ['680']
 - [0] from output of BatchNormalization_173 [name: 679]
[175] Add_175 type: Add  inputs: ['672', '680'] outputs: ['681']
 - [0] from output of Relu_168 [name: 672]
 - [1] from output of Relu_174 [name: 680]
[176] Transpose_176 type: Transpose  inputs: ['681'] outputs: ['682']
 - [0] from output of Add_175 [name: 681]
[177] Conv_177 type: Conv W inputs: ['682', 'final_conv.0.weight', 'final_conv.0.bias'] outputs: ['output']
 - [0] from output of Transpose_176 [name: 682]
 - [1] from weight of shape torch.Size([4, 48, 1, 1]) [name: final_conv.0.weight]
 - [2] from weight of shape torch.Size([4]) [name: final_conv.0.bias]
The output is from Conv_177
